--------------------------------------------------------------------------------
Release 14.7 Trace  (nt64)
Copyright (c) 1995-2013 Xilinx, Inc.  All rights reserved.

D:\Install\14.7\ISE_DS\ISE\bin\nt64\unwrapped\trce.exe -intstyle ise -o
mojo_top_0.twr -v 30 -l 30 mojo_top_0_routed.ncd mojo_top_0.pcf

Design file:              mojo_top_0_routed.ncd
Physical constraint file: mojo_top_0.pcf
Device,package,speed:     xc6slx9,tqg144,C,-2 (PRODUCTION 1.23 2013-10-13)
Report level:             verbose report, limited to 30 items per constraint

Environment Variable      Effect 
--------------------      ------ 
NONE                      No environment variables were set
--------------------------------------------------------------------------------

INFO:Timing:2698 - No timing constraints found, doing default enumeration.
INFO:Timing:3412 - To improve timing, see the Timing Closure User Guide (UG612).
INFO:Timing:2752 - To get complete path coverage, use the unconstrained paths 
   option. All paths that are not constrained will be reported in the 
   unconstrained paths section(s) of the report.
INFO:Timing:3339 - The clock-to-out numbers in this timing report are based on 
   a 50 Ohm transmission line loading model.  For the details of this model, 
   and for more information on accounting for different loading conditions, 
   please see the device datasheet.



Data Sheet report:
-----------------
All values displayed in nanoseconds (ns)

Pad to Pad
---------------+---------------+---------+
Source Pad     |Destination Pad|  Delay  |
---------------+---------------+---------+
io_dip[0]      |io_led[0]      |    9.092|
io_dip[0]      |io_led[16]     |   22.944|
io_dip[0]      |io_led[17]     |   24.069|
io_dip[0]      |io_led[18]     |   23.594|
io_dip[0]      |io_led[19]     |   23.593|
io_dip[0]      |io_led[20]     |   23.810|
io_dip[0]      |io_led[21]     |   23.934|
io_dip[0]      |io_led[22]     |   23.942|
io_dip[0]      |io_led[23]     |   24.506|
io_dip[1]      |io_led[1]      |   10.074|
io_dip[1]      |io_led[16]     |   25.576|
io_dip[1]      |io_led[17]     |   26.701|
io_dip[1]      |io_led[18]     |   26.226|
io_dip[1]      |io_led[19]     |   26.225|
io_dip[1]      |io_led[20]     |   26.442|
io_dip[1]      |io_led[21]     |   26.566|
io_dip[1]      |io_led[22]     |   26.574|
io_dip[1]      |io_led[23]     |   27.138|
io_dip[2]      |io_led[2]      |   11.105|
io_dip[2]      |io_led[16]     |   28.540|
io_dip[2]      |io_led[17]     |   29.665|
io_dip[2]      |io_led[18]     |   29.190|
io_dip[2]      |io_led[19]     |   29.189|
io_dip[2]      |io_led[20]     |   29.406|
io_dip[2]      |io_led[21]     |   29.530|
io_dip[2]      |io_led[22]     |   29.538|
io_dip[2]      |io_led[23]     |   30.102|
io_dip[3]      |io_led[3]      |   11.338|
io_dip[3]      |io_led[16]     |   31.117|
io_dip[3]      |io_led[17]     |   32.242|
io_dip[3]      |io_led[18]     |   31.767|
io_dip[3]      |io_led[19]     |   31.766|
io_dip[3]      |io_led[20]     |   31.983|
io_dip[3]      |io_led[21]     |   32.107|
io_dip[3]      |io_led[22]     |   32.115|
io_dip[3]      |io_led[23]     |   32.679|
io_dip[4]      |io_led[4]      |   11.167|
io_dip[4]      |io_led[16]     |   33.347|
io_dip[4]      |io_led[17]     |   34.472|
io_dip[4]      |io_led[18]     |   33.997|
io_dip[4]      |io_led[19]     |   33.996|
io_dip[4]      |io_led[20]     |   34.213|
io_dip[4]      |io_led[21]     |   34.337|
io_dip[4]      |io_led[22]     |   34.345|
io_dip[4]      |io_led[23]     |   34.909|
io_dip[5]      |io_led[5]      |   12.018|
io_dip[5]      |io_led[16]     |   36.781|
io_dip[5]      |io_led[17]     |   37.906|
io_dip[5]      |io_led[18]     |   37.431|
io_dip[5]      |io_led[19]     |   37.430|
io_dip[5]      |io_led[20]     |   37.647|
io_dip[5]      |io_led[21]     |   37.771|
io_dip[5]      |io_led[22]     |   37.779|
io_dip[5]      |io_led[23]     |   38.343|
io_dip[6]      |io_led[6]      |   12.485|
io_dip[6]      |io_led[16]     |   37.946|
io_dip[6]      |io_led[17]     |   39.071|
io_dip[6]      |io_led[18]     |   38.596|
io_dip[6]      |io_led[19]     |   38.595|
io_dip[6]      |io_led[20]     |   38.812|
io_dip[6]      |io_led[21]     |   38.936|
io_dip[6]      |io_led[22]     |   38.944|
io_dip[6]      |io_led[23]     |   39.508|
io_dip[7]      |io_led[7]      |   10.564|
io_dip[7]      |io_led[16]     |   37.621|
io_dip[7]      |io_led[17]     |   38.746|
io_dip[7]      |io_led[18]     |   38.271|
io_dip[7]      |io_led[19]     |   38.270|
io_dip[7]      |io_led[20]     |   38.487|
io_dip[7]      |io_led[21]     |   38.611|
io_dip[7]      |io_led[22]     |   38.619|
io_dip[7]      |io_led[23]     |   39.183|
io_dip[8]      |io_led[8]      |   13.265|
io_dip[8]      |io_led[16]     |   38.089|
io_dip[8]      |io_led[17]     |   39.214|
io_dip[8]      |io_led[18]     |   38.739|
io_dip[8]      |io_led[19]     |   38.738|
io_dip[8]      |io_led[20]     |   38.955|
io_dip[8]      |io_led[21]     |   39.079|
io_dip[8]      |io_led[22]     |   39.087|
io_dip[8]      |io_led[23]     |   39.651|
io_dip[9]      |io_led[9]      |   12.615|
io_dip[9]      |io_led[16]     |   37.811|
io_dip[9]      |io_led[17]     |   38.936|
io_dip[9]      |io_led[18]     |   38.461|
io_dip[9]      |io_led[19]     |   38.460|
io_dip[9]      |io_led[20]     |   38.677|
io_dip[9]      |io_led[21]     |   38.801|
io_dip[9]      |io_led[22]     |   38.809|
io_dip[9]      |io_led[23]     |   39.373|
io_dip[10]     |io_led[10]     |   13.286|
io_dip[10]     |io_led[16]     |   38.373|
io_dip[10]     |io_led[17]     |   39.498|
io_dip[10]     |io_led[18]     |   39.023|
io_dip[10]     |io_led[19]     |   39.022|
io_dip[10]     |io_led[20]     |   39.239|
io_dip[10]     |io_led[21]     |   39.363|
io_dip[10]     |io_led[22]     |   39.371|
io_dip[10]     |io_led[23]     |   39.935|
io_dip[11]     |io_led[11]     |   13.289|
io_dip[11]     |io_led[16]     |   38.602|
io_dip[11]     |io_led[17]     |   39.727|
io_dip[11]     |io_led[18]     |   39.252|
io_dip[11]     |io_led[19]     |   39.251|
io_dip[11]     |io_led[20]     |   39.468|
io_dip[11]     |io_led[21]     |   39.592|
io_dip[11]     |io_led[22]     |   39.600|
io_dip[11]     |io_led[23]     |   40.164|
io_dip[12]     |io_led[12]     |   11.145|
io_dip[12]     |io_led[16]     |   37.891|
io_dip[12]     |io_led[17]     |   39.016|
io_dip[12]     |io_led[18]     |   38.541|
io_dip[12]     |io_led[19]     |   38.540|
io_dip[12]     |io_led[20]     |   38.757|
io_dip[12]     |io_led[21]     |   38.881|
io_dip[12]     |io_led[22]     |   38.889|
io_dip[12]     |io_led[23]     |   39.453|
io_dip[13]     |io_led[13]     |   10.544|
io_dip[13]     |io_led[16]     |   37.721|
io_dip[13]     |io_led[17]     |   38.846|
io_dip[13]     |io_led[18]     |   38.371|
io_dip[13]     |io_led[19]     |   38.370|
io_dip[13]     |io_led[20]     |   38.587|
io_dip[13]     |io_led[21]     |   38.711|
io_dip[13]     |io_led[22]     |   38.719|
io_dip[13]     |io_led[23]     |   39.283|
io_dip[14]     |io_led[14]     |    9.971|
io_dip[14]     |io_led[16]     |   37.941|
io_dip[14]     |io_led[17]     |   39.066|
io_dip[14]     |io_led[18]     |   38.591|
io_dip[14]     |io_led[19]     |   38.590|
io_dip[14]     |io_led[20]     |   38.807|
io_dip[14]     |io_led[21]     |   38.931|
io_dip[14]     |io_led[22]     |   38.939|
io_dip[14]     |io_led[23]     |   39.503|
io_dip[15]     |io_led[15]     |   11.104|
io_dip[15]     |io_led[16]     |   37.395|
io_dip[15]     |io_led[17]     |   38.520|
io_dip[15]     |io_led[18]     |   38.045|
io_dip[15]     |io_led[19]     |   38.044|
io_dip[15]     |io_led[20]     |   38.261|
io_dip[15]     |io_led[21]     |   38.385|
io_dip[15]     |io_led[22]     |   38.393|
io_dip[15]     |io_led[23]     |   38.957|
io_dip[16]     |io_led[16]     |   16.997|
io_dip[16]     |io_led[17]     |   16.661|
io_dip[16]     |io_led[18]     |   16.697|
io_dip[16]     |io_led[19]     |   16.507|
io_dip[16]     |io_led[20]     |   16.772|
io_dip[16]     |io_led[21]     |   17.260|
io_dip[16]     |io_led[22]     |   17.337|
io_dip[16]     |io_led[23]     |   17.943|
io_dip[17]     |io_led[16]     |   15.216|
io_dip[17]     |io_led[17]     |   16.332|
io_dip[17]     |io_led[18]     |   15.690|
io_dip[17]     |io_led[19]     |   15.745|
io_dip[17]     |io_led[20]     |   16.194|
io_dip[17]     |io_led[21]     |   17.276|
io_dip[17]     |io_led[22]     |   15.854|
io_dip[17]     |io_led[23]     |   15.338|
io_dip[18]     |io_led[16]     |   14.921|
io_dip[18]     |io_led[17]     |   16.438|
io_dip[18]     |io_led[18]     |   16.474|
io_dip[18]     |io_led[19]     |   15.572|
io_dip[18]     |io_led[20]     |   15.430|
io_dip[18]     |io_led[21]     |   15.134|
io_dip[18]     |io_led[22]     |   15.418|
io_dip[18]     |io_led[23]     |   15.981|
io_dip[19]     |io_led[16]     |   15.300|
io_dip[19]     |io_led[17]     |   13.623|
io_dip[19]     |io_led[18]     |   14.950|
io_dip[19]     |io_led[19]     |   13.681|
io_dip[19]     |io_led[20]     |   14.938|
io_dip[19]     |io_led[21]     |   14.510|
io_dip[19]     |io_led[22]     |   14.597|
io_dip[19]     |io_led[23]     |   14.973|
io_dip[20]     |io_led[16]     |   14.593|
io_dip[20]     |io_led[17]     |   14.731|
io_dip[20]     |io_led[18]     |   15.052|
io_dip[20]     |io_led[19]     |   15.010|
io_dip[20]     |io_led[20]     |   16.459|
io_dip[20]     |io_led[21]     |   15.393|
io_dip[20]     |io_led[22]     |   15.552|
io_dip[20]     |io_led[23]     |   15.978|
io_dip[21]     |io_led[16]     |   13.244|
io_dip[21]     |io_led[17]     |   17.383|
io_dip[21]     |io_led[18]     |   16.962|
io_dip[21]     |io_led[19]     |   15.692|
io_dip[21]     |io_led[20]     |   17.188|
io_dip[21]     |io_led[21]     |   16.253|
io_dip[21]     |io_led[22]     |   16.684|
io_dip[21]     |io_led[23]     |   16.765|
---------------+---------------+---------+


Analysis completed Fri Oct 21 10:20:51 2016 
--------------------------------------------------------------------------------

Trace Settings:
-------------------------
Trace Settings 

Peak Memory Usage: 223 MB



